HI-TECH Software C Compiler 

Linker command line:

--edf=C:\Program Files (x86)\HI-TECH Software\PICC\9.82\dat\en_msgs.txt -cs \
  -h+UART.sym -z -Q16F887 -ol.obj -MUART.map -E1 -ACONST=00h-0FFhx32 \
  -ACODE=00h-07FFhx4 -ASTRCODE=00h-01FFFh -AENTRY=00h-0FFhx32 \
  -ASTRING=00h-0FFhx32 -ABANK0=020h-06Fh -ABANK1=0A0h-0EFh \
  -ABANK2=0110h-016Fh -ABANK3=0190h-01EFh \
  -ARAM=020h-06Fh,0A0h-0EFh,0110h-016Fh,0190h-01EFh \
  -AABS1=020h-07Fh,0A0h-0EFh,0110h-016Fh,0190h-01EFh -ACOMMON=070h-07Fh \
  -ASFR0=00h-01Fh -ASFR1=080h-09Fh -ASFR2=0100h-010Fh -ASFR3=0180h-018Fh \
  -preset_vec=00h,intentry,init,end_init -ppowerup=CODE -pfunctab=CODE \
  -ACONFIG=02007h-02008h -pconfig=CONFIG -DCONFIG=2 -AIDLOC=02000h-02003h \
  -pidloc=IDLOC -DIDLOC=2 -AEEDATA=00h-0FFh/02100h -peeprom_data=EEDATA \
  -DEEDATA=2 -DCODE=2 -DSTRCODE=2 -DSTRING=2 -DCONST=2 -DENTRY=2 -k \
  startup.obj UART.obj 

Object code version is 3.10

Machine type is 16F887



                Name                               Link     Load   Length Selector   Space Scale
startup.obj     end_init                              0        0        3        0       0
UART.obj        functab                             700      700        9        E       0
                config                             2007     2007        2     400E       0
                text722_split_1                     82F      82F      7D1     105E       0
                text752                            1BF5     1BF5       12     37EA       0
                text751                            1BB8     1BB8        B     3770       0
                text750                            1BE6     1BE6        F     37CC       0
                text749                            1BC3     1BC3        B     3786       0
                text748                            1C1A     1C1A       15     3834       0
                text747                            126F     126F       E2     24DE       0
                text746                            1497     1497      154     292E       0
                text745                               3        3       1A        0       0
                text744                            1CBC     1CBC       2A     3978       0
                text743                            1F85     1F85       7B     3F0A       0
                text742                            1101     1101       A6     2202       0
                text741                            1F0F     1F0F       76     3E1E       0
                text740                            1D11     1D11       5E     3A22       0
                text739                            1BCE     1BCE        C     379C       0
                text738                            1E35     1E35       6C     3C6A       0
                text737                            1EA1     1EA1       6E     3D42       0
                text736                            1DCF     1DCF       66     3B9E       0
                text735                            1C5C     1C5C       1B     38B8       0
                text734                            1351     1351      146     26A2       0
                text733                            11A7     11A7       C8     234E       0
                text732                             709      709       EE        E       0
                text731                            1C45     1C45       17     388A       0
                text730                              1D       1D       32       3A       0
                text729                            1C77     1C77       1F     38EE       0
                text728                              4F       4F      1AB       9E       0
                text727                             441      441      2BF      882       0
                text726                            10E2     10E2       1F     21C4       0
                text725                            1BDA     1BDA        C     37B4       0
                text724                            1CE6     1CE6       2B     39CC       0
                text723                            1C07     1C07       13     380E       0
                text722                             1FA      1FA      247      3F4       0
                text721                            1D6F     1D6F       60     3ADE       0
                text720                            1C96     1C96       26     392C       0
                text719                             803      803       2C     1006       0
                maintext                           15EB     15EB      215     2BD6       0
                cstackBANK0                          20       20       50       20       1
                cstackCOMMON                         70       70        E       70       1
                cstackBANK1                          A0       A0       1F       A0       1
                clrtext                             7F7      7F7        8        E       0
                bssBANK3                            190      190       50      190       1
                bssBANK1                             BF       BF        E       A0       1
                cinit                              1C2F     1C2F       16     385E       0
                strings                            1000     1000       DE     2000       0

TOTAL           Name                               Link     Load   Length     Space
        CLASS   CONST          

        CLASS   CODE           
                end_init                              0        0        3         0
                functab                             700      700        9         0
                text722_split_1                     82F      82F      7D1         0
                text752                            1BF5     1BF5       12         0
                text751                            1BB8     1BB8        B         0
                text750                            1BE6     1BE6        F         0
                text749                            1BC3     1BC3        B         0
                text748                            1C1A     1C1A       15         0
                text747                            126F     126F       E2         0
                text746                            1497     1497      154         0
                text745                               3        3       1A         0
                text744                            1CBC     1CBC       2A         0
                text743                            1F85     1F85       7B         0
                text742                            1101     1101       A6         0
                text741                            1F0F     1F0F       76         0
                text740                            1D11     1D11       5E         0
                text739                            1BCE     1BCE        C         0
                text738                            1E35     1E35       6C         0
                text737                            1EA1     1EA1       6E         0
                text736                            1DCF     1DCF       66         0
                text735                            1C5C     1C5C       1B         0
                text734                            1351     1351      146         0
                text733                            11A7     11A7       C8         0
                text732                             709      709       EE         0
                text731                            1C45     1C45       17         0
                text730                              1D       1D       32         0
                text729                            1C77     1C77       1F         0
                text728                              4F       4F      1AB         0
                text727                             441      441      2BF         0
                text726                            10E2     10E2       1F         0
                text725                            1BDA     1BDA        C         0
                text724                            1CE6     1CE6       2B         0
                text723                            1C07     1C07       13         0
                text722                             1FA      1FA      247         0
                text721                            1D6F     1D6F       60         0
                text720                            1C96     1C96       26         0
                text719                             803      803       2C         0
                maintext                           15EB     15EB      215         0
                clrtext                             7F7      7F7        8         0
                cinit                              1C2F     1C2F       16         0

        CLASS   STRCODE        

        CLASS   ENTRY          

        CLASS   STRING         
                strings                            1000     1000       DE         0

        CLASS   BANK0          
                cstackBANK0                          20       20       50         1

        CLASS   BANK1          
                cstackBANK1                          A0       A0       1F         1
                bssBANK1                             BF       BF        E         1

        CLASS   BANK2          

        CLASS   BANK3          
                bssBANK3                            190      190       50         1

        CLASS   RAM            

        CLASS   ABS1           
                abs_s1                               7E       7E        2         1

        CLASS   COMMON         
                cstackCOMMON                         70       70        E         1

        CLASS   SFR0           

        CLASS   SFR1           

        CLASS   SFR2           

        CLASS   SFR3           

        CLASS   CONFIG         
                config                             2007     2007        2         0

        CLASS   IDLOC          

        CLASS   EEDATA         



SEGMENTS        Name                           Load    Length   Top    Selector   Space  Class     Delta

                reset_vec                      000000  00001D  00001D         0       0  CODE        2
                cstackBANK0                    000020  000050  000070        20       1  BANK0       1
                text730                        00001D  000032  00004F        3A       0  CODE        2
                cstackCOMMON                   000070  00000E  00007E        70       1  COMMON      1
                text728                        00004F  0001AB  0001FA        9E       0  CODE        2
                cstackBANK1                    0000A0  00002D  0000CD        A0       1  BANK1       1
                bssBANK3                       000190  000050  0001E0       190       1  BANK3       1
                text722                        0001FA  000247  000441       3F4       0  CODE        2
                text727                        000441  0002BF  000700       882       0  CODE        2
                functab                        000700  0000FF  0007FF         E       0  CODE        2
                text719                        000803  00002C  00082F      1006       0  CODE        2
                text722_split_1                00082F  0007D1  001000      105E       0  CODE        2
                strings                        001000  0000DE  0010DE      2000       0  STRING      2
                text726                        0010E2  00001F  001101      21C4       0  CODE        2
                text742                        001101  0000A6  0011A7      2202       0  CODE        2
                text733                        0011A7  0000C8  00126F      234E       0  CODE        2
                text747                        00126F  0000E2  001351      24DE       0  CODE        2
                text734                        001351  000146  001497      26A2       0  CODE        2
                text746                        001497  000154  0015EB      292E       0  CODE        2
                maintext                       0015EB  000215  001800      2BD6       0  CODE        2
                text751                        001BB8  00000B  001BC3      3770       0  CODE        2
                text749                        001BC3  00000B  001BCE      3786       0  CODE        2
                text739                        001BCE  00000C  001BDA      379C       0  CODE        2
                text725                        001BDA  00000C  001BE6      37B4       0  CODE        2
                text750                        001BE6  00000F  001BF5      37CC       0  CODE        2
                text752                        001BF5  000012  001C07      37EA       0  CODE        2
                text723                        001C07  000013  001C1A      380E       0  CODE        2
                text748                        001C1A  000015  001C2F      3834       0  CODE        2
                cinit                          001C2F  000016  001C45      385E       0  CODE        2
                text731                        001C45  000017  001C5C      388A       0  CODE        2
                text735                        001C5C  00001B  001C77      38B8       0  CODE        2
                text729                        001C77  00001F  001C96      38EE       0  CODE        2
                text720                        001C96  000026  001CBC      392C       0  CODE        2
                text744                        001CBC  00002A  001CE6      3978       0  CODE        2
                text724                        001CE6  00002B  001D11      39CC       0  CODE        2
                text740                        001D11  00005E  001D6F      3A22       0  CODE        2
                text721                        001D6F  000060  001DCF      3ADE       0  CODE        2
                text736                        001DCF  000066  001E35      3B9E       0  CODE        2
                text738                        001E35  00006C  001EA1      3C6A       0  CODE        2
                text737                        001EA1  00006E  001F0F      3D42       0  CODE        2
                text741                        001F0F  000076  001F85      3E1E       0  CODE        2
                text743                        001F85  00007B  002000      3F0A       0  CODE        2
                config                         002007  000002  002009      400E       0  CONFIG      2


UNUSED ADDRESS RANGES

        Name                Unused          Largest block    Delta
        BANK1            00CD-00EF             23           1
        BANK2            0110-016F             60           1
        BANK3            01E0-01EF             10           1
        CODE             07FF-0802              1           2
                         10DE-10E1              4
                         1800-1BB7            3B8
        CONST            07FF-0802              1           2
                         10DE-10E1              4
                         1800-1BB7            100
        EEDATA           2100-21FF            100           2
        ENTRY            07FF-0802              1           2
                         10DE-10E1              4
                         1800-1BB7            100
        IDLOC            2000-2003              4           2
        RAM              00CD-00EF             23           1
                         0110-016F             60
                         01E0-01EF             10
        SFR0             0000-001F             20           1
        SFR1             0080-009F             20           1
        SFR2             0100-010F             10           1
        SFR3             0180-018F             10           1
        STRCODE          07FF-0802              4           2
                         10DE-10E1              4
                         1800-1BB7            3B8
        STRING           07FF-0802              1           2
                         10DE-10E1              4
                         1800-1BB7            100

                                  Symbol Table

??___awdiv             cstackCOMMON 007B
??___awmod             cstackCOMMON 0074
??___bmul              cstackCOMMON 007C
??___ftadd             cstackBANK0  004B
??___ftdiv             cstackBANK0  004B
??___ftge              cstackCOMMON 0076
??___ftmul             cstackBANK0  003B
??___ftneg             cstackCOMMON 0073
??___ftpack            cstackCOMMON 0075
??___ftsub             cstackCOMMON 007E
??___fttol             cstackBANK0  002B
??___lldiv             cstackCOMMON 0078
??___llmod             cstackBANK0  0028
??___lltoft            cstackCOMMON 007C
??___lwtoft            cstackCOMMON 007B
??___wmul              cstackCOMMON 0074
??__div_to_l_          cstackCOMMON 0076
??__doprnt             cstackBANK0  0064
??__tdiv_to_l_         cstackCOMMON 0076
??_fround              cstackBANK0  0055
??_getch               cstackCOMMON 0070
??_init_comms          cstackCOMMON 0070
??_isdigit             cstackCOMMON 0070
??_lcd_clear           cstackCOMMON 0076
??_lcd_goto            cstackCOMMON 0076
??_lcd_init            cstackCOMMON 0076
??_lcd_puts            cstackCOMMON 0078
??_lcd_write           cstackCOMMON 0074
??_main                cstackBANK1  00BC
??_msecbase            cstackCOMMON 0070
??_pause               cstackCOMMON 0072
??_printf              cstackBANK0  006C
??_putch               cstackCOMMON 007E
??_scale               cstackBANK0  0048
??_sprintf             cstackBANK1  00B6
?___awdiv              cstackCOMMON 0077
?___awmod              cstackCOMMON 0070
?___bmul               cstackBANK0  0024
?___ftadd              cstackBANK0  0045
?___ftdiv              cstackBANK0  0045
?___ftge               cstackCOMMON 0070
?___ftmul              cstackBANK0  0035
?___ftneg              cstackCOMMON 0070
?___ftpack             cstackCOMMON 0070
?___ftsub              cstackBANK0  0052
?___fttol              cstackBANK0  0027
?___lldiv              cstackCOMMON 0070
?___llmod              cstackBANK0  0020
?___lltoft             cstackCOMMON 0078
?___lwtoft             cstackCOMMON 0078
?___wmul               cstackCOMMON 0070
?__div_to_l_           cstackCOMMON 0070
?__doprnt              cstackBANK0  0062
?__tdiv_to_l_          cstackCOMMON 0070
?_fround               cstackBANK0  0052
?_getch                cstackCOMMON 0070
?_init_comms           cstackCOMMON 0070
?_isdigit              cstackCOMMON 0070
?_lcd_clear            cstackCOMMON 0070
?_lcd_goto             cstackCOMMON 0070
?_lcd_init             cstackCOMMON 0070
?_lcd_puts             cstackCOMMON 0076
?_lcd_write            cstackCOMMON 0070
?_main                 cstackCOMMON 0070
?_msecbase             cstackCOMMON 0070
?_pause                cstackCOMMON 0070
?_printf               cstackBANK0  006A
?_putch                cstackBANK0  002A
?_scale                cstackBANK0  0045
?_sprintf              cstackBANK0  006A
_ADCON0                (abs)        001F
_ADCON1                (abs)        009F
_ADON                  (abs)        00F8
_ADRESH                (abs)        001E
_ADRESL                (abs)        009E
_ANSEL                 (abs)        0188
_ANSELH                (abs)        0189
_BAUDCTL               (abs)        0187
_CARRY                 (abs)        0018
_CCP1CON               (abs)        0017
_CCP2CON               (abs)        001D
_CCPR1L                (abs)        0015
_CCPR2L                (abs)        001B
_CM1CON0               (abs)        0107
_CM2CON0               (abs)        0108
_EEADR                 (abs)        010D
_EECON1                (abs)        018C
_EECON2                (abs)        018D
_EEDATA                (abs)        010C
_GIE                   (abs)        005F
_GO_DONE               (abs)        00F9
_INTCON                (abs)        000B
_OPTION                (abs)        0081
_PORTD                 (abs)        0008
_PR2                   (abs)        0092
_RA1                   (abs)        0029
_RA2                   (abs)        002A
_RA4                   (abs)        002C
_RB0                   (abs)        0030
_RCIF                  (abs)        0065
_RCREG                 (abs)        001A
_RCSTA                 (abs)        0018
_RD                    (abs)        0C60
_SPBRG                 (abs)        0099
_T0IF                  (abs)        005A
_T2CON                 (abs)        0012
_TMR0                  (abs)        0001
_TMR2IF                (abs)        0061
_TRISA                 (abs)        0085
_TRISB                 (abs)        0086
_TRISB5                (abs)        0435
_TRISB7                (abs)        0437
_TRISC                 (abs)        0087
_TRISD                 (abs)        0088
_TRISE                 (abs)        0089
_TXIF                  (abs)        0064
_TXREG                 (abs)        0019
_TXSTA                 (abs)        0098
_VADC                  bssBANK1     00C5
_VADCH                 bssBANK1     00C7
_VADCL                 bssBANK1     00C9
_WR                    (abs)        0C61
_WREN                  (abs)        0C62
__Habs1                abs1         0000
__Hbank0               bank0        0000
__Hbank1               bank1        0000
__Hbank2               bank2        0000
__Hbank3               bank3        0000
__HbssBANK1            bssBANK1     0000
__HbssBANK3            bssBANK3     0000
__Hcinit               cinit        0000
__Hclrtext             clrtext      0000
__Hcode                code         0000
__Hcommon              common       0000
__Hconfig              config       2009
__HcstackBANK0         cstackBANK0  0000
__HcstackBANK1         cstackBANK1  0000
__HcstackCOMMON        cstackCOMMON 0000
__Heeprom_data         eeprom_data  0000
__Hend_init            end_init     0003
__Hfunctab             functab      0709
__Hidloc               idloc        0000
__Hinit                init         0000
__Hintentry            intentry     0000
__Hmaintext            maintext     0000
__Hpowerup             powerup      0000
__Hram                 ram          0000
__Hreset_vec           reset_vec    0000
__Hsfr0                sfr0         0000
__Hsfr1                sfr1         0000
__Hsfr2                sfr2         0000
__Hsfr3                sfr3         0000
__Hstrings             strings      0000
__Htext                text         0000
__Labs1                abs1         0000
__Lbank0               bank0        0000
__Lbank1               bank1        0000
__Lbank2               bank2        0000
__Lbank3               bank3        0000
__LbssBANK1            bssBANK1     0000
__LbssBANK3            bssBANK3     0000
__Lcinit               cinit        0000
__Lclrtext             clrtext      0000
__Lcode                code         0000
__Lcommon              common       0000
__Lconfig              config       2007
__LcstackBANK0         cstackBANK0  0000
__LcstackBANK1         cstackBANK1  0000
__LcstackCOMMON        cstackCOMMON 0000
__Leeprom_data         eeprom_data  0000
__Lend_init            end_init     0000
__Lfunctab             functab      0700
__Lidloc               idloc        0000
__Linit                init         0000
__Lintentry            intentry     0000
__Lmaintext            maintext     0000
__Lpowerup             powerup      0000
__Lram                 ram          0000
__Lreset_vec           reset_vec    0000
__Lsfr0                sfr0         0000
__Lsfr1                sfr1         0000
__Lsfr2                sfr2         0000
__Lsfr3                sfr3         0000
__Lstrings             strings      0000
__Ltext                text         0000
__S0                   (abs)        2009
__S1                   (abs)        01E0
__S2                   (abs)        0000
___awdiv               text741      1F0F
___awdiv@counter       cstackBANK0  0020
___awdiv@dividend      cstackCOMMON 0079
___awdiv@divisor       cstackCOMMON 0077
___awdiv@quotient      cstackBANK0  0022
___awdiv@sign          cstackBANK0  0021
___awmod               text736      1DCF
___awmod@counter       cstackCOMMON 0075
___awmod@dividend      cstackCOMMON 0072
___awmod@divisor       cstackCOMMON 0070
___awmod@sign          cstackCOMMON 0076
___bmul                text745      0003
___bmul@multiplicand   cstackBANK0  0024
___bmul@multiplier     cstackBANK0  0026
___bmul@product        cstackBANK0  0025
___ftadd               text734      1351
___ftadd@exp1          cstackBANK0  0051
___ftadd@exp2          cstackBANK0  0050
___ftadd@f1            cstackBANK0  0045
___ftadd@f2            cstackBANK0  0048
___ftadd@sign          cstackBANK0  004F
___ftdiv               text733      11A7
___ftdiv@cntr          cstackBANK0  004F
___ftdiv@exp           cstackBANK0  0053
___ftdiv@f1            cstackBANK0  0048
___ftdiv@f2            cstackBANK0  0045
___ftdiv@f3            cstackBANK0  0050
___ftdiv@sign          cstackBANK0  0054
___ftge                text738      1E35
___ftge@ff1            cstackCOMMON 0070
___ftge@ff2            cstackCOMMON 0073
___ftmul               text732      0709
___ftmul@cntr          cstackBANK0  0043
___ftmul@exp           cstackBANK0  003F
___ftmul@f1            cstackBANK0  0035
___ftmul@f2            cstackBANK0  0038
___ftmul@f3_as_product cstackBANK0  0040
___ftmul@sign          cstackBANK0  0044
___ftneg               text739      1BCE
___ftneg@f1            cstackCOMMON 0070
___ftpack              text743      1F85
___ftpack@arg          cstackCOMMON 0070
___ftpack@exp          cstackCOMMON 0073
___ftpack@sign         cstackCOMMON 0074
___ftsub               text726      10E2
___ftsub@f1            cstackBANK0  0055
___ftsub@f2            cstackBANK0  0052
___fttol               text742      1101
___fttol@exp1          cstackBANK0  0034
___fttol@f1            cstackBANK0  0027
___fttol@lval          cstackBANK0  0030
___fttol@sign1         cstackBANK0  002F
___lldiv               text737      1EA1
___lldiv@counter       cstackCOMMON 007D
___lldiv@dividend      cstackCOMMON 0074
___lldiv@divisor       cstackCOMMON 0070
___lldiv@quotient      cstackCOMMON 0079
___llmod               text740      1D11
___llmod@counter       cstackBANK0  0029
___llmod@dividend      cstackBANK0  0024
___llmod@divisor       cstackBANK0  0020
___lltoft              text730      001D
___lltoft@c            cstackCOMMON 0078
___lltoft@exp          cstackCOMMON 007D
___lwtoft              text731      1C45
___lwtoft@c            cstackCOMMON 0078
___wmul                text744      1CBC
___wmul@multiplicand   cstackCOMMON 0072
___wmul@multiplier     cstackCOMMON 0070
___wmul@product        cstackCOMMON 0074
__div_to_l_            text746      1497
__div_to_l_@cntr       cstackBANK0  0024
__div_to_l_@exp1       cstackBANK0  0025
__div_to_l_@f1         cstackCOMMON 0070
__div_to_l_@f2         cstackCOMMON 0073
__div_to_l_@quot       cstackBANK0  0020
__doprnt               text722      01FA
__doprnt$5168          cstackBANK1  00A0
__doprnt@_val          cstackBANK1  00AB
__doprnt@ap            cstackBANK0  0063
__doprnt@c             cstackBANK1  00B4
__doprnt@exp           cstackBANK1  00A9
__doprnt@f             cstackBANK0  0062
__doprnt@flag          cstackBANK1  00A4
__doprnt@fval          cstackBANK1  00B1
__doprnt@integ         cstackBANK1  00A6
__doprnt@pb            cstackBANK1  00B5
__doprnt@prec          cstackBANK1  00AF
__end_of___awdiv       text741      1F85
__end_of___awmod       text736      1E35
__end_of___bmul        text745      001D
__end_of___ftadd       text734      1497
__end_of___ftdiv       text733      126F
__end_of___ftge        text738      1EA1
__end_of___ftmul       text732      07F7
__end_of___ftneg       text739      1BDA
__end_of___ftpack      text743      2000
__end_of___ftsub       text726      1101
__end_of___fttol       text742      11A7
__end_of___lldiv       text737      1F0F
__end_of___llmod       text740      1D6F
__end_of___lltoft      text730      004F
__end_of___lwtoft      text731      1C5C
__end_of___wmul        text744      1CE6
__end_of__div_to_l_    text746      15EB
__end_of__doprnt       text722_split_1 1000
__end_of__tdiv_to_l_   text747      1351
__end_of_fround        text728      01FA
__end_of_getch         text751      1BC3
__end_of_init_comms    text752      1C07
__end_of_isdigit       text748      1C2F
__end_of_lcd_clear     text723      1C1A
__end_of_lcd_goto      text725      1BE6
__end_of_lcd_init      text721      1DCF
__end_of_lcd_puts      text724      1D11
__end_of_lcd_write     text729      1C96
__end_of_main          maintext     1800
__end_of_msecbase      text750      1BF5
__end_of_pause         text735      1C77
__end_of_printf        text720      1CBC
__end_of_putch         text749      1BCE
__end_of_scale         text727      0700
__end_of_sprintf       text719      082F
__npowers_             strings      1038
__pbssBANK1            bssBANK1     00BF
__pbssBANK3            bssBANK3     0190
__pcstackBANK0         cstackBANK0  0020
__pcstackBANK1         cstackBANK1  00A0
__pcstackCOMMON        cstackCOMMON 0070
__pfunctab             functab      0700
__pmaintext            maintext     15EB
__powers_              strings      105F
__pstrings             strings      1000
__ptext719             text719      0803
__ptext720             text720      1C96
__ptext721             text721      1D6F
__ptext722             text722      01FA
__ptext723             text723      1C07
__ptext724             text724      1CE6
__ptext725             text725      1BDA
__ptext726             text726      10E2
__ptext727             text727      0441
__ptext728             text728      004F
__ptext729             text729      1C77
__ptext730             text730      001D
__ptext731             text731      1C45
__ptext732             text732      0709
__ptext733             text733      11A7
__ptext734             text734      1351
__ptext735             text735      1C5C
__ptext736             text736      1DCF
__ptext737             text737      1EA1
__ptext738             text738      1E35
__ptext739             text739      1BCE
__ptext740             text740      1D11
__ptext741             text741      1F0F
__ptext742             text742      1101
__ptext743             text743      1F85
__ptext744             text744      1CBC
__ptext745             text745      0003
__ptext746             text746      1497
__ptext747             text747      126F
__ptext748             text748      1C1A
__ptext749             text749      1BC3
__ptext750             text750      1BE6
__ptext751             text751      1BB8
__ptext752             text752      1BF5
__size_of___awdiv      (abs)        0000
__size_of___awmod      (abs)        0000
__size_of___bmul       (abs)        0000
__size_of___ftadd      (abs)        0000
__size_of___ftdiv      (abs)        0000
__size_of___ftge       (abs)        0000
__size_of___ftmul      (abs)        0000
__size_of___ftneg      (abs)        0000
__size_of___ftpack     (abs)        0000
__size_of___ftsub      (abs)        0000
__size_of___fttol      (abs)        0000
__size_of___lldiv      (abs)        0000
__size_of___llmod      (abs)        0000
__size_of___lltoft     (abs)        0000
__size_of___lwtoft     (abs)        0000
__size_of___wmul       (abs)        0000
__size_of__div_to_l_   (abs)        0000
__size_of__doprnt      (abs)        0000
__size_of__tdiv_to_l_  (abs)        0000
__size_of_fround       (abs)        0000
__size_of_getch        (abs)        0000
__size_of_init_comms   (abs)        0000
__size_of_isdigit      (abs)        0000
__size_of_lcd_clear    (abs)        0000
__size_of_lcd_goto     (abs)        0000
__size_of_lcd_init     (abs)        0000
__size_of_lcd_puts     (abs)        0000
__size_of_lcd_write    (abs)        0000
__size_of_main         (abs)        0000
__size_of_msecbase     (abs)        0000
__size_of_pause        (abs)        0000
__size_of_printf       (abs)        0000
__size_of_putch        (abs)        0000
__size_of_scale        (abs)        0000
__size_of_sprintf      (abs)        0000
__tdiv_to_l_           text747      126F
__tdiv_to_l_@cntr      cstackBANK0  0024
__tdiv_to_l_@exp1      cstackBANK0  0025
__tdiv_to_l_@f1        cstackCOMMON 0070
__tdiv_to_l_@f2        cstackCOMMON 0073
__tdiv_to_l_@quot      cstackBANK0  0020
_a                     bssBANK1     00BF
_b                     bssBANK1     00C2
_dpowers               strings      1010
_exit                  init         0000
_fround                text728      004F
_fround$6156           cstackBANK0  005E
_fround$6157           cstackBANK0  005B
_getch                 text751      1BB8
_init_comms            text752      1BF5
_input                 bssBANK1     00CB
_isdigit               text748      1C1A
_isdigit$5676          cstackCOMMON 0070
_lcd_clear             text723      1C07
_lcd_goto              text725      1BDA
_lcd_init              text721      1D6F
_lcd_puts              text724      1CE6
_lcd_write             text729      1C77
_main                  maintext     15EB
_msecbase              text750      1BE6
_pause                 text735      1C5C
_printf                text720      1C96
_putch                 text749      1BC3
_scale                 text727      0441
_scale$6158            cstackBANK0  004A
_sprintf               text719      0803
_str                   bssBANK3     0190
btemp                  (abs)        007E
clear_ram              clrtext      07F7
end_of_initialization  cinit        1C41
fpbase                 functab      0705
fptable                functab      0700
fptotal                (abs)        0002
fround@prec            cstackBANK0  0061
intlevel0              functab      0700
intlevel1              functab      0700
intlevel2              functab      0700
intlevel3              functab      0700
intlevel4              functab      0700
intlevel5              functab      0700
isdigit@c              cstackCOMMON 0071
lcd_goto@pos           cstackCOMMON 0076
lcd_init@init_value    cstackCOMMON 0077
lcd_puts@s             cstackCOMMON 0076
lcd_write@c            cstackCOMMON 0075
pause@usvalue          cstackCOMMON 0070
pause@x                cstackCOMMON 0072
printf@ap              cstackBANK1  00B7
printf@f               cstackBANK1  00B6
printf@pb              cstackBANK1  00B8
putch@byte             cstackBANK0  002A
reset_vec              reset_vec    0000
scale@scl              cstackBANK0  004D
sprintf@ap             cstackBANK1  00B9
sprintf@f              cstackBANK0  006A
sprintf@pb             cstackBANK1  00BA
sprintf@wh             cstackBANK1  00B8
start                  init         0000
start_initialization   cinit        1C2F
wtemp0                 (abs)        007E
